// Jest Snapshot v1, https://goo.gl/fbAQLP

exports[`Alert displays an error message 1`] = `
<DocumentFragment>
  <div
    class="Alert alert-error"
  >
    Error!
  </div>
</DocumentFragment>
`;

exports[`Alert does not render if message prop is empty 1`] = `<DocumentFragment />`;
